// Jest Snapshot v1, https://goo.gl/fbAQLP

exports[`Home should render home page 1`] = `
<div>
  <h1>
    World
  </h1>
</div>
`;
